// Jest Snapshot v1, https://goo.gl/fbAQLP

exports[`buildSteps builds expected steps 1`] = `
Array [
  Object {
    "action": "click",
    "event": Object {
      "htmlSelector": "<ul qaw_innertext=\\"Buttons Checkbox inputs Content editables Date pickers Images Infinite scroll Large Log in Radio inputs Selects Text inputs Time pickers\\"><li qaw_innertext=\\"Log in\\"><a href=\\"/login\\" qaw_innertext=\\"Log in\\"></a></li></ul>",
      "index": 0,
      "isTrusted": true,
      "name": "mousedown",
      "page": 0,
      "target": Object {
        "attrs": Object {
          "href": "/login",
          "qaw_innertext": "Log in",
        },
        "children": Array [
          Object {
            "content": "Log in",
            "type": "text",
          },
        ],
        "name": "a",
        "type": "tag",
        "voidElement": false,
      },
      "time": 1583106434723,
    },
    "index": 0,
  },
  Object {
    "action": "click",
    "event": Object {
      "htmlSelector": "<div id=\\"root\\" qaw_innertext=\\"To log in, use tomsmith as the username, and SuperSecretPassword! as the password. Username Password Log in\\"><form qaw_innertext=\\"Username Password Log in\\"><input autocomplete=\\"off\\" id=\\"username\\" type=\\"text\\" value=\\"\\" qaw_labels=\\"Username\\" /></form></div>",
      "index": 2,
      "isTrusted": true,
      "name": "mousedown",
      "page": 0,
      "target": Object {
        "attrs": Object {
          "autocomplete": "off",
          "id": "username",
          "qaw_labels": "Username",
          "type": "text",
          "value": "",
        },
        "children": Array [],
        "name": "input",
        "type": "tag",
        "voidElement": true,
      },
      "time": 1583106435717,
    },
    "index": 1,
  },
  Object {
    "action": "type",
    "event": Object {
      "htmlSelector": "<div id=\\"root\\" qaw_innertext=\\"To log in, use tomsmith as the username, and SuperSecretPassword! as the password. Username Password Log in\\"><form qaw_innertext=\\"Username Password Log in\\"><input autocomplete=\\"off\\" id=\\"username\\" type=\\"text\\" value=\\"\\" qaw_labels=\\"Username\\" /></form></div>",
      "index": 4,
      "isTrusted": true,
      "name": "keydown",
      "page": 0,
      "target": Object {
        "attrs": Object {
          "autocomplete": "off",
          "id": "username",
          "qaw_labels": "Username",
          "type": "text",
          "value": "",
        },
        "children": Array [],
        "name": "input",
        "type": "tag",
        "voidElement": true,
      },
      "time": 1583106436649,
      "value": "t",
    },
    "index": 2,
    "value": "tomsmith",
  },
  Object {
    "action": "press",
    "event": Object {
      "htmlSelector": "<div id=\\"root\\" qaw_innertext=\\"To log in, use tomsmith as the username, and SuperSecretPassword! as the password. Username Password Log in\\"><form qaw_innertext=\\"Username Password Log in\\"><input autocomplete=\\"off\\" id=\\"username\\" type=\\"text\\" value=\\"tomsmith\\" qaw_labels=\\"Username\\" /></form></div>",
      "index": 20,
      "isTrusted": true,
      "name": "keydown",
      "page": 0,
      "target": Object {
        "attrs": Object {
          "autocomplete": "off",
          "id": "username",
          "qaw_labels": "Username",
          "type": "text",
          "value": "tomsmith",
        },
        "children": Array [],
        "name": "input",
        "type": "tag",
        "voidElement": true,
      },
      "time": 1583106437954,
      "value": "Tab",
    },
    "index": 3,
    "value": "Tab",
  },
  Object {
    "action": "type",
    "event": Object {
      "htmlSelector": "<div id=\\"root\\" qaw_innertext=\\"To log in, use tomsmith as the username, and SuperSecretPassword! as the password. Username Password Log in\\"><form qaw_innertext=\\"Username Password Log in\\"><input autocomplete=\\"off\\" id=\\"password\\" type=\\"password\\" value=\\"\\" qaw_labels=\\"Password\\" /></form></div>",
      "index": 24,
      "isTrusted": true,
      "name": "paste",
      "page": 0,
      "target": Object {
        "attrs": Object {
          "autocomplete": "off",
          "id": "password",
          "qaw_labels": "Password",
          "type": "password",
          "value": "",
        },
        "children": Array [],
        "name": "input",
        "type": "tag",
        "voidElement": true,
      },
      "time": 1583106438791,
      "value": "SuperSecretPassword!",
    },
    "index": 4,
    "value": "SuperSecretPassword!",
  },
  Object {
    "action": "press",
    "event": Object {
      "htmlSelector": "<div id=\\"root\\" qaw_innertext=\\"To log in, use tomsmith as the username, and SuperSecretPassword! as the password. Username Password Log in\\"><form qaw_innertext=\\"Username Password Log in\\"><input autocomplete=\\"off\\" id=\\"password\\" type=\\"password\\" value=\\"SuperSecretPassword!\\" qaw_labels=\\"Password\\" /></form></div>",
      "index": 27,
      "isTrusted": true,
      "name": "keydown",
      "page": 0,
      "target": Object {
        "attrs": Object {
          "autocomplete": "off",
          "id": "password",
          "qaw_labels": "Password",
          "type": "password",
          "value": "SuperSecretPassword!",
        },
        "children": Array [],
        "name": "input",
        "type": "tag",
        "voidElement": true,
      },
      "time": 1583106439265,
      "value": "Enter",
    },
    "index": 5,
    "value": "Enter",
  },
  Object {
    "action": "click",
    "event": Object {
      "htmlSelector": "<div id=\\"root\\" qaw_innertext=\\"Secure Area Log out\\"><button qaw_innertext=\\"Log out\\"><p qaw_innertext=\\"Log out\\"></p></button></div>",
      "index": 30,
      "isTrusted": true,
      "name": "mousedown",
      "page": 0,
      "target": Object {
        "attrs": Object {
          "qaw_innertext": "Log out",
        },
        "children": Array [
          Object {
            "content": "Log out",
            "type": "text",
          },
        ],
        "name": "p",
        "type": "tag",
        "voidElement": false,
      },
      "time": 1583106440268,
    },
    "index": 6,
  },
]
`;
