// Jest Snapshot v1, https://goo.gl/fbAQLP

exports[`CodeReconciler.reconcile inserts new expressions 1`] = `
"await page.click(selectors[\\"0_a\\"]);
// üê∫ CREATE CODE HERE"
`;

exports[`CodeReconciler.reconcile updates the last expression 1`] = `
"await page.click(selectors[\\"1_username_input\\"]);
"
`;

exports[`CodeReconciler.reconcile updates the last expression after a step was removed (ex: paste) 1`] = `
"await page.click(selectors[\\"1_username_input\\"]);
"
`;
