// Jest Snapshot v1, https://goo.gl/fbAQLP

exports[`CodeFileUpdater update saves code with new steps 1`] = `
"  someCode();
  await page.click(selectors[\\"0_a\\"]);
  await page.click(selectors[\\"1_username_input\\"]);
  // üê∫ CREATE CODE HERE
  otherCode();"
`;

exports[`CodeFileUpdater update saves code with new steps 2`] = `
"  someCode();
  await page.click(selectors[\\"0_a\\"]);
  await page.click(selectors[\\"1_username_input\\"]);
  await page.type(selectors[\\"2_username_input\\"], \\"tomsmith\\");
  await page.press(selectors[\\"3_username_input\\"], \\"Tab\\");
  await page.type(selectors[\\"4_password_input\\"], \\"SuperSecretPassword!\\");
  await page.press(selectors[\\"5_password_input\\"], \\"Enter\\");
  await page.click(selectors[\\"6_p\\"]);
  // üê∫ CREATE CODE HERE
  otherCode();"
`;
